// Jest Snapshot v1, https://goo.gl/fbAQLP

exports[`ArticleList renders correctly 1`] = `
<div>
  <div
    style={
      Object {
        "borderColor": "gray",
        "borderStyle": "solid",
        "borderWidth": "1px",
        "padding": "21px",
      }
    }
  >
    <div
      style={Object {}}
    />
    <div
      style={Object {}}
    >
      Invalid Date
    </div>
    <div
      style={Object {}}
    >
      <a>
         
      </a>
    </div>
    <div
      style={Object {}}
    />
  </div>
  <div
    style={
      Object {
        "borderColor": "gray",
        "borderStyle": "solid",
        "borderWidth": "1px",
        "padding": "21px",
      }
    }
  >
    <div
      style={Object {}}
    />
    <div
      style={Object {}}
    >
      Invalid Date
    </div>
    <div
      style={Object {}}
    >
      <a>
         
      </a>
    </div>
    <div
      style={Object {}}
    />
  </div>
</div>
`;
